C51 COMPILER V7.06   MAIN                                                                  07/17/2017 21:44:30 PAGE 1   


C51 COMPILER V7.06, COMPILATION OF MODULE MAIN
OBJECT MODULE PLACED IN main.OBJ
COMPILER INVOKED BY: D:\Keil\C51\BIN\C51.EXE main.c BROWSE DEBUG OBJECTEXTEND

stmt level    source

   1          #include "reg52.h"                      
   2          #include"temp.h"        
   3          
   4          typedef unsigned int u16;         
   5          typedef unsigned char u8;
   6          
   7          sbit LSA=P2^2;
   8          sbit LSB=P2^3;
   9          sbit LSC=P2^4;
  10          
  11          
  12          char num=0;
  13          u8 DisplayData[8];
  14          u8 code smgduan[10]={0x3f,0x06,0x5b,0x4f,0x66,0x6d,0x7d,0x07,0x7f,0x6f};
  15          
  16          
  17          void delay(u16 i)
  18          {
  19   1              while(i--);     
  20   1      }
  21          
  22          
  23          
  24          
  25          void datapros(int temp)          
  26          {
  27   1              float tp;  
  28   1              if(temp< 0)                             
  29   1              {
  30   2                      DisplayData[0] = 0x40;    
  31   2                      temp=temp-1;
  32   2                      temp=~temp;
  33   2                      tp=temp;
  34   2                      temp=tp*0.0625*100+0.5; 
  35   2      
  36   2              }
  37   1              else
  38   1              {                       
  39   2                      DisplayData[0] = 0x00;
  40   2                      tp=temp;
  41   2              
  42   2                      temp=tp*0.0625*100+0.5; 
  43   2                      
  44   2              }
  45   1              DisplayData[1] = smgduan[temp / 10000];
  46   1              DisplayData[2] = smgduan[temp % 10000 / 1000];
  47   1              DisplayData[3] = smgduan[temp % 1000 / 100] | 0x80;
  48   1              DisplayData[4] = smgduan[temp % 100 / 10];
  49   1              DisplayData[5] = smgduan[temp % 10];
  50   1      }
  51          
  52          
  53          
  54          void DigDisplay()
  55          {
C51 COMPILER V7.06   MAIN                                                                  07/17/2017 21:44:30 PAGE 2   

  56   1              u8 i;
  57   1              for(i=0;i<6;i++)
  58   1              {
  59   2                      switch(i)       
  60   2                      {
  61   3                              case(0):
  62   3                                      LSA=0;LSB=0;LSC=0; break;
  63   3                              case(1):
  64   3                                      LSA=1;LSB=0;LSC=0; break;
  65   3                              case(2):
  66   3                                      LSA=0;LSB=1;LSC=0; break;
  67   3                              case(3):
  68   3                                      LSA=1;LSB=1;LSC=0; break;
  69   3                              case(4):
  70   3                                      LSA=0;LSB=0;LSC=1; break;
  71   3                              case(5):
  72   3                                      LSA=1;LSB=0;LSC=1; break;
  73   3                      }
  74   2                      P0=DisplayData[5-i];
  75   2                      delay(100); 
  76   2                      P0=0x00;
  77   2              }               
  78   1      }
  79          
  80          
  81          void main()
  82          {       
  83   1              while(1)
  84   1              {
  85   2                      datapros(Ds18b20ReadTemp());
  86   2                      DigDisplay();
  87   2              }               
  88   1      }
  89          /*#include "reg52.h"                     
  90          typedef unsigned int u16;         
  91          typedef unsigned char u8;
  92          {
  93                  SCON=0X50;                      
  94                  TMOD=0X20;                      
  95                  PCON=0X80;                      
  96                  TH1=0XF3;                               
  97                  TL1=0XF3;
  98                  ES=1;                                           
  99                  EA=1;                                           
 100                  TR1=1;                                  
 101          }
 102          void main()
 103          {       
 104                  UsartInit(); 
 105                  while(1);               
 106          }
 107          void Usart() interrupt 4
 108          {
 109                  u8 receiveData;
 110          
 111                  receiveData=SBUF;
 112                  RI = 0;
 113                  SBUF=receiveData;
 114                  while(!TI);                      
 115                  TI=0;                                           
 116          }*/
 117          
C51 COMPILER V7.06   MAIN                                                                  07/17/2017 21:44:30 PAGE 3   



MODULE INFORMATION:   STATIC OVERLAYABLE
   CODE SIZE        =    351    ----
   CONSTANT SIZE    =     10    ----
   XDATA SIZE       =   ----    ----
   PDATA SIZE       =   ----    ----
   DATA SIZE        =      9       4
   IDATA SIZE       =   ----    ----
   BIT SIZE         =   ----    ----
END OF MODULE INFORMATION.


C51 COMPILATION COMPLETE.  0 WARNING(S),  0 ERROR(S)
